
18482@DESKTOP-TEG39P8 MINGW64 ~/Documents/github
$ git init
Initialized empty Git repository in C:/Users/18482/Documents/github/.git/

18482@DESKTOP-TEG39P8 MINGW64 ~/Documents/github (master)
$ git remote add origin "https://github.com/yashaswini256/git-geeksoftproject.git"                                                                                                                        
18482@DESKTOP-TEG39P8 MINGW64 ~/Documents/github (master)
$ git status
On branch master

No commits yet

Untracked files:
  (use "git add <file>..." to include in what will be committed)

        core-java-training/
        notepadfileofentirecommands.txt
        screenshotsforgithub.docx

nothing added to commit but untracked files present (use "git add" to track)

18482@DESKTOP-TEG39P8 MINGW64 ~/Documents/github (master)
$ git status
On branch master

No commits yet

Untracked files:
  (use "git add <file>..." to include in what will be committed)

        core-java-training/
        notepadfileofentirecommands.txt
        screenshotsforgithub.docx
        test8.txt

nothing added to commit but untracked files present (use "git add" to track)

18482@DESKTOP-TEG39P8 MINGW64 ~/Documents/github (master)
$ git add 'test8.txt'

18482@DESKTOP-TEG39P8 MINGW64 ~/Documents/github (master)
$ git status
On branch master

No commits yet

Changes to be committed:
  (use "git rm --cached <file>..." to unstage)

        new file:   test8.txt

Untracked files:
  (use "git add <file>..." to include in what will be committed)

        core-java-training/
        notepadfileofentirecommands.txt
        screenshotsforgithub.docx


18482@DESKTOP-TEG39P8 MINGW64 ~/Documents/github (master)
$ git commit -a -m "second commit from diff folder"
[master (root-commit) cdb4667] second commit from diff folder
 1 file changed, 1 insertion(+)
 create mode 100644 test8.txt

18482@DESKTOP-TEG39P8 MINGW64 ~/Documents/github (master)
$ git status
On branch master
Untracked files:
  (use "git add <file>..." to include in what will be committed)

        core-java-training/
        notepadfileofentirecommands.txt
        screenshotsforgithub.docx

nothing added to commit but untracked files present (use "git add" to track)

18482@DESKTOP-TEG39P8 MINGW64 ~/Documents/github (master)
$ git push origin master
To https://github.com/yashaswini256/git-geeksoftproject.git
 ! [rejected]        master -> master (fetch first)
error: failed to push some refs to 'https://github.com/yashaswini256/git-geeksoftproject.git'
hint: Updates were rejected because the remote contains work that you do
hint: not have locally. This is usually caused by another repository pushing
hint: to the same ref. You may want to first integrate the remote changes
hint: (e.g., 'git pull ...') before pushing again.
hint: See the 'Note about fast-forwards' in 'git push --help' for details.

18482@DESKTOP-TEG39P8 MINGW64 ~/Documents/github (master)
$ ^C

18482@DESKTOP-TEG39P8 MINGW64 ~/Documents/github (master)
$
